[0.013s] Invoking command in '/home/avenblake/pilot_ws/src/pilot_control/build/pilot_control': CMAKE_PREFIX_PATH=${CMAKE_PREFIX_PATH}:/opt/ros/humble /usr/bin/cmake /home/avenblake/pilot_ws/src/pilot_control -DCMAKE_INSTALL_PREFIX=/home/avenblake/pilot_ws/src/pilot_control/install/pilot_control
[0.181s] -- The C compiler identification is GNU 11.4.0
[0.436s] -- The CXX compiler identification is GNU 11.4.0
[0.460s] -- Detecting C compiler ABI info
[0.714s] -- Detecting C compiler ABI info - done
[0.728s] -- Check for working C compiler: /usr/bin/cc - skipped
[0.729s] -- Detecting C compile features
[0.730s] -- Detecting C compile features - done
[0.737s] -- Detecting CXX compiler ABI info
[0.971s] -- Detecting CXX compiler ABI info - done
[1.000s] -- Check for working CXX compiler: /usr/bin/c++ - skipped
[1.001s] -- Detecting CXX compile features
[1.002s] -- Detecting CXX compile features - done
[1.016s] -- Found ament_cmake: 1.3.13 (/opt/ros/humble/share/ament_cmake/cmake)
[1.292s] -- Found Python3: /usr/bin/python3 (found version "3.10.12") found components: Interpreter 
[1.464s] -- Found rclcpp: 16.0.18 (/opt/ros/humble/share/rclcpp/cmake)
[1.534s] -- Found rosidl_generator_c: 3.1.8 (/opt/ros/humble/share/rosidl_generator_c/cmake)
[1.545s] -- Found rosidl_adapter: 3.1.8 (/opt/ros/humble/share/rosidl_adapter/cmake)
[1.559s] -- Found rosidl_generator_cpp: 3.1.8 (/opt/ros/humble/share/rosidl_generator_cpp/cmake)
[1.585s] -- Using all available rosidl_typesupport_c: rosidl_typesupport_fastrtps_c;rosidl_typesupport_introspection_c
[1.609s] -- Using all available rosidl_typesupport_cpp: rosidl_typesupport_fastrtps_cpp;rosidl_typesupport_introspection_cpp
[1.678s] -- Found rmw_implementation_cmake: 6.1.2 (/opt/ros/humble/share/rmw_implementation_cmake/cmake)
[1.683s] -- Found rmw_cyclonedds_cpp: 1.3.4 (/opt/ros/humble/share/rmw_cyclonedds_cpp/cmake)
[1.718s] -- Using RMW implementation 'rmw_cyclonedds_cpp' as default
[1.736s] -- Looking for pthread.h
[1.854s] -- Looking for pthread.h - found
[1.854s] -- Performing Test CMAKE_HAVE_LIBC_PTHREAD
[1.963s] -- Performing Test CMAKE_HAVE_LIBC_PTHREAD - Success
[1.965s] -- Found Threads: TRUE  
[2.072s] -- Found geometry_msgs: 4.9.1 (/opt/ros/humble/share/geometry_msgs/cmake)
[2.111s] -- Found nav_msgs: 4.9.1 (/opt/ros/humble/share/nav_msgs/cmake)
[2.158s] -- Found tf2_ros: 0.25.19 (/opt/ros/humble/share/tf2_ros/cmake)
[2.380s] -- Found odrive_can: 0.0.1 (/home/avenblake/pilot_ws/install/odrive_can/share/odrive_can/cmake)
[2.404s] -- Found sensor_msgs: 4.9.1 (/opt/ros/humble/share/sensor_msgs/cmake)
[2.429s] -- Found std_srvs: 4.9.1 (/opt/ros/humble/share/std_srvs/cmake)
[2.446s] -- Found tf2_geometry_msgs: 0.25.19 (/opt/ros/humble/share/tf2_geometry_msgs/cmake)
[2.464s] -- Found eigen3_cmake_module: 0.1.1 (/opt/ros/humble/share/eigen3_cmake_module/cmake)
[2.466s] -- Found Eigen3: TRUE (found version "3.4.0") 
[2.466s] -- Ensuring Eigen3 include directory is part of orocos-kdl CMake target
[2.471s] -- Found tf2_sensor_msgs: 0.25.19 (/opt/ros/humble/share/tf2_sensor_msgs/cmake)
[2.496s] -- Checking for module 'eigen3'
[2.515s] --   Found eigen3, version 3.4.0
[2.620s] -- Found Eigen: /usr/include/eigen3 (Required is at least version "3.1") 
[2.620s] -- Eigen found (include: /usr/include/eigen3, version: 3.4.0)
[2.745s] -- Found Boost: /usr/lib/x86_64-linux-gnu/cmake/Boost-1.74.0/BoostConfig.cmake (found suitable version "1.74.0", minimum required is "1.65.0") found components: system filesystem date_time iostreams serialization 
[2.778s] -- Checking for module 'flann'
[2.799s] --   Found flann, version 1.9.1
[2.860s] -- Found FLANN: /usr/lib/x86_64-linux-gnu/libflann_cpp.so  
[2.860s] -- FLANN found (include: /usr/include, lib: /usr/lib/x86_64-linux-gnu/libflann_cpp.so)
[2.924s] -- Found GLEW: /usr/lib/x86_64-linux-gnu/libGLEW.so  
[2.936s] -- Found OpenGL: /usr/lib/x86_64-linux-gnu/libOpenGL.so  found components: OpenGL GLX 
[3.341s] -- Found MPI_C: /usr/lib/x86_64-linux-gnu/libmpi.so (found version "3.1") 
[3.343s] -- Found MPI: TRUE (found version "3.1") found components: C 
[3.356s] -- Found JsonCpp: /usr/lib/x86_64-linux-gnu/libjsoncpp.so (found suitable version "1.9.5", minimum required is "0.7.0") 
[3.397s] -- Found ZLIB: /usr/lib/x86_64-linux-gnu/libz.so (found version "1.2.11") 
[3.465s] -- Found PNG: /usr/lib/x86_64-linux-gnu/libpng.so (found version "1.6.37") 
[3.494s] -- Found Eigen3: /usr/include/eigen3 (found version "3.4.0") 
[3.617s] -- Found X11: /usr/include   
[3.618s] -- Looking for XOpenDisplay in /usr/lib/x86_64-linux-gnu/libX11.so;/usr/lib/x86_64-linux-gnu/libXext.so
[3.697s] -- Looking for XOpenDisplay in /usr/lib/x86_64-linux-gnu/libX11.so;/usr/lib/x86_64-linux-gnu/libXext.so - found
[3.697s] -- Looking for gethostbyname
[3.787s] -- Looking for gethostbyname - found
[3.788s] -- Looking for connect
[3.947s] -- Looking for connect - found
[3.947s] -- Looking for remove
[4.076s] -- Looking for remove - found
[4.077s] -- Looking for shmat
[4.157s] -- Looking for shmat - found
[4.158s] -- Looking for IceConnectionNumber in ICE
[4.396s] -- Looking for IceConnectionNumber in ICE - found
[4.742s] -- Found EXPAT: /usr/lib/x86_64-linux-gnu/libexpat.so (found version "2.4.7") 
[4.751s] -- Found double-conversion: /usr/lib/x86_64-linux-gnu/libdouble-conversion.so  
[4.762s] -- Found LZ4: /usr/lib/x86_64-linux-gnu/liblz4.so (found version "1.9.3") 
[4.770s] -- Found LZMA: /usr/lib/x86_64-linux-gnu/liblzma.so (found version "5.2.5") 
[4.876s] -- Found JPEG: /usr/lib/x86_64-linux-gnu/libjpeg.so (found version "80") 
[4.897s] -- Found TIFF: /usr/lib/x86_64-linux-gnu/libtiff.so (found version "4.3.0")  
[4.915s] -- Found Freetype: /usr/lib/x86_64-linux-gnu/libfreetype.so (found version "2.11.1") 
[4.938s] -- Found utf8cpp: /usr/include/utf8cpp  
[5.074s] -- Checking for module 'libusb-1.0'
[5.093s] --   Found libusb-1.0, version 1.0.25
[5.174s] -- Found libusb: /usr/lib/x86_64-linux-gnu/libusb-1.0.so  
[5.179s] -- Found OpenNI: /usr/lib/libOpenNI.so;libusb::libusb (found version "1.5.4.0") 
[5.179s] -- OpenNI found (version: 1.5.4.0, include: /usr/include/ni, lib: /usr/lib/libOpenNI.so;libusb::libusb)
[5.420s] -- Found OpenNI2: /usr/lib/x86_64-linux-gnu/libOpenNI2.so;libusb::libusb (found version "2.2.0.33") 
[5.421s] -- OpenNI2 found (version: 2.2.0.33, include: /usr/include/openni2, lib: /usr/lib/x86_64-linux-gnu/libOpenNI2.so;libusb::libusb)
[5.421s] [0m** WARNING ** io features related to pcap will be disabled[0m
[5.653s] -- Eigen found (include: /usr/include/eigen3, version: 3.4.0)
[5.660s] -- OpenNI found (version: 1.5.4.0, include: /usr/include/ni, lib: /usr/lib/libOpenNI.so;libusb::libusb)
[5.669s] -- OpenNI2 found (version: 2.2.0.33, include: /usr/include/openni2, lib: /usr/lib/x86_64-linux-gnu/libOpenNI2.so;libusb::libusb)
[5.810s] -- Found Qhull version 8.0.2
[5.950s] -- OpenNI found (version: 1.5.4.0, include: /usr/include/ni, lib: /usr/lib/libOpenNI.so;libusb::libusb)
[6.081s] -- looking for PCL_COMMON
[6.081s] -- Found PCL_COMMON: /usr/lib/x86_64-linux-gnu/libpcl_common.so  
[6.082s] -- looking for PCL_KDTREE
[6.082s] -- Found PCL_KDTREE: /usr/lib/x86_64-linux-gnu/libpcl_kdtree.so  
[6.082s] -- looking for PCL_OCTREE
[6.106s] -- Found PCL_OCTREE: /usr/lib/x86_64-linux-gnu/libpcl_octree.so  
[6.106s] -- looking for PCL_SEARCH
[6.107s] -- Found PCL_SEARCH: /usr/lib/x86_64-linux-gnu/libpcl_search.so  
[6.107s] -- looking for PCL_SAMPLE_CONSENSUS
[6.108s] -- Found PCL_SAMPLE_CONSENSUS: /usr/lib/x86_64-linux-gnu/libpcl_sample_consensus.so  
[6.108s] -- looking for PCL_FILTERS
[6.109s] -- Found PCL_FILTERS: /usr/lib/x86_64-linux-gnu/libpcl_filters.so  
[6.109s] -- looking for PCL_2D
[6.109s] -- Found PCL_2D: /usr/include/pcl-1.12  
[6.110s] -- looking for PCL_GEOMETRY
[6.110s] -- Found PCL_GEOMETRY: /usr/include/pcl-1.12  
[6.110s] -- looking for PCL_IO
[6.111s] -- Found PCL_IO: /usr/lib/x86_64-linux-gnu/libpcl_io.so  
[6.111s] -- looking for PCL_FEATURES
[6.112s] -- Found PCL_FEATURES: /usr/lib/x86_64-linux-gnu/libpcl_features.so  
[6.112s] -- looking for PCL_ML
[6.113s] -- Found PCL_ML: /usr/lib/x86_64-linux-gnu/libpcl_ml.so  
[6.113s] -- looking for PCL_SEGMENTATION
[6.113s] -- Found PCL_SEGMENTATION: /usr/lib/x86_64-linux-gnu/libpcl_segmentation.so  
[6.114s] -- looking for PCL_VISUALIZATION
[6.114s] -- Found PCL_VISUALIZATION: /usr/lib/x86_64-linux-gnu/libpcl_visualization.so  
[6.115s] -- looking for PCL_SURFACE
[6.115s] -- Found PCL_SURFACE: /usr/lib/x86_64-linux-gnu/libpcl_surface.so  
[6.116s] -- looking for PCL_REGISTRATION
[6.116s] -- Found PCL_REGISTRATION: /usr/lib/x86_64-linux-gnu/libpcl_registration.so  
[6.116s] -- looking for PCL_KEYPOINTS
[6.117s] -- Found PCL_KEYPOINTS: /usr/lib/x86_64-linux-gnu/libpcl_keypoints.so  
[6.117s] -- looking for PCL_TRACKING
[6.118s] -- Found PCL_TRACKING: /usr/lib/x86_64-linux-gnu/libpcl_tracking.so  
[6.118s] -- looking for PCL_RECOGNITION
[6.119s] -- Found PCL_RECOGNITION: /usr/lib/x86_64-linux-gnu/libpcl_recognition.so  
[6.119s] -- looking for PCL_STEREO
[6.120s] -- Found PCL_STEREO: /usr/lib/x86_64-linux-gnu/libpcl_stereo.so  
[6.120s] -- looking for PCL_APPS
[6.121s] -- Found PCL_APPS: /usr/lib/x86_64-linux-gnu/libpcl_apps.so  
[6.121s] -- looking for PCL_IN_HAND_SCANNER
[6.121s] -- Found PCL_IN_HAND_SCANNER: /usr/include/pcl-1.12  
[6.122s] -- looking for PCL_MODELER
[6.122s] -- Found PCL_MODELER: /usr/include/pcl-1.12  
[6.122s] -- looking for PCL_POINT_CLOUD_EDITOR
[6.122s] -- Found PCL_POINT_CLOUD_EDITOR: /usr/include/pcl-1.12  
[6.122s] -- looking for PCL_OUTOFCORE
[6.123s] -- Found PCL_OUTOFCORE: /usr/lib/x86_64-linux-gnu/libpcl_outofcore.so  
[6.123s] -- looking for PCL_PEOPLE
[6.124s] -- Found PCL_PEOPLE: /usr/lib/x86_64-linux-gnu/libpcl_people.so  
[6.125s] -- Found PCL: pcl_common;pcl_kdtree;pcl_octree;pcl_search;pcl_sample_consensus;pcl_filters;pcl_io;pcl_features;pcl_ml;pcl_segmentation;pcl_visualization;pcl_surface;pcl_registration;pcl_keypoints;pcl_tracking;pcl_recognition;pcl_stereo;pcl_apps;pcl_outofcore;pcl_people;Boost::system;Boost::filesystem;Boost::date_time;Boost::iostreams;Boost::serialization;/usr/lib/libOpenNI.so;libusb::libusb;/usr/lib/x86_64-linux-gnu/libOpenNI2.so;libusb::libusb;VTK::ChartsCore;VTK::CommonColor;VTK::CommonComputationalGeometry;VTK::CommonCore;VTK::CommonDataModel;VTK::CommonExecutionModel;VTK::CommonMath;VTK::CommonMisc;VTK::CommonTransforms;VTK::FiltersCore;VTK::FiltersExtraction;VTK::FiltersGeneral;VTK::FiltersGeometry;VTK::FiltersModeling;VTK::FiltersSources;VTK::ImagingCore;VTK::ImagingSources;VTK::InteractionImage;VTK::InteractionStyle;VTK::InteractionWidgets;VTK::IOCore;VTK::IOGeometry;VTK::IOImage;VTK::IOLegacy;VTK::IOPLY;VTK::RenderingAnnotation;VTK::RenderingCore;VTK::RenderingContext2D;VTK::RenderingLOD;VTK::RenderingFreeType;VTK::ViewsCore;VTK::ViewsContext2D;VTK::RenderingOpenGL2;VTK::GUISupportQt;FLANN::FLANN;QHULL::QHULL  
[6.128s] -- Found pcl_conversions: 2.4.5 (/opt/ros/humble/share/pcl_conversions/cmake)
[6.157s] -- Found Eigen3: TRUE (found version "3.4.0") 
[6.160s] -- Found diagnostic_msgs: 4.9.1 (/opt/ros/humble/share/diagnostic_msgs/cmake)
[6.841s] -- Found JPEG XL at: /home/avenblake/libjxl
[6.841s] -- JPEG XL support enabled for unified_data_collector
[6.841s] -- Found JPEG XL at: /home/avenblake/libjxl
[6.841s] -- JPEG XL support enabled for simple_camera_capture
[6.841s] -- Found JPEG XL at: /home/avenblake/libjxl
[6.841s] -- JPEG XL support enabled for jpegxl_test_simple
[6.843s] -- thermal_check will be built (SeekCamera + OpenCV found)
[6.846s] -- Found ament_lint_auto: 0.12.15 (/opt/ros/humble/share/ament_lint_auto/cmake)
[7.285s] -- Added test 'cppcheck' to perform static code analysis on C / C++ code
[7.286s] -- Configured cppcheck include dirs: $<BUILD_INTERFACE:/home/avenblake/pilot_ws/src/pilot_control/include>
[7.286s] -- Configured cppcheck exclude dirs and/or files: 
[7.317s] -- Added test 'flake8' to check Python code syntax and style conventions
[7.377s] -- Added test 'lint_cmake' to check CMake code style
[7.408s] -- Added test 'pep257' to check Python code against some of the docstring style conventions in PEP 257
[7.640s] -- Added test 'uncrustify' to check C / C++ code style
[7.640s] -- Configured uncrustify additional arguments: 
[7.673s] -- Added test 'xmllint' to check XML markup files
[7.677s] -- Configuring done
[7.888s] -- Generating done
[7.936s] -- Build files have been written to: /home/avenblake/pilot_ws/src/pilot_control/build/pilot_control
[7.961s] Invoked command in '/home/avenblake/pilot_ws/src/pilot_control/build/pilot_control' returned '0': CMAKE_PREFIX_PATH=${CMAKE_PREFIX_PATH}:/opt/ros/humble /usr/bin/cmake /home/avenblake/pilot_ws/src/pilot_control -DCMAKE_INSTALL_PREFIX=/home/avenblake/pilot_ws/src/pilot_control/install/pilot_control
[7.964s] Invoking command in '/home/avenblake/pilot_ws/src/pilot_control/build/pilot_control': CMAKE_PREFIX_PATH=${CMAKE_PREFIX_PATH}:/opt/ros/humble /usr/bin/cmake --build /home/avenblake/pilot_ws/src/pilot_control/build/pilot_control -- -j12 -l12
[8.036s] [ 11%] [32mBuilding CXX object CMakeFiles/pose_controller.dir/src/pose_controller.cpp.o[0m
[8.036s] [ 11%] [32mBuilding CXX object CMakeFiles/local_nav_grid_publisher.dir/src/local_nav_grid_publisher.cpp.o[0m
[8.036s] [ 11%] [32mBuilding CXX object CMakeFiles/diff_drive_controller.dir/src/diff_drive_controller.cpp.o[0m
[8.039s] [ 17%] [32mBuilding CXX object CMakeFiles/shutdown_service.dir/src/shutdown_service.cpp.o[0m
[8.039s] [ 17%] [32mBuilding CXX object CMakeFiles/pcd_processor.dir/src/pcd_processor.cpp.o[0m
[8.039s] [ 17%] [32mBuilding CXX object CMakeFiles/raw_map_saver.dir/src/raw_map_saver.cpp.o[0m
[8.042s] [ 20%] [32mBuilding CXX object CMakeFiles/point_cloud_downsampler.dir/src/point_cloud_downsampler.cpp.o[0m
[8.042s] [ 23%] [32mBuilding CXX object CMakeFiles/laser_map_rotator.dir/src/laser_map_rotator.cpp.o[0m
[8.042s] [ 26%] [32mBuilding CXX object CMakeFiles/host_teleop.dir/src/host_teleop.cpp.o[0m
[8.042s] [ 29%] [32mBuilding CXX object CMakeFiles/gps_driver.dir/src/gps_driver.cpp.o[0m
[8.043s] [ 32%] [32mBuilding CXX object CMakeFiles/gpr_motion_follower.dir/src/gpr_motion_follower.cpp.o[0m
[8.049s] [ 35%] [32mBuilding CXX object CMakeFiles/video_recorder.dir/src/video_recorder.cpp.o[0m
